// Jest Snapshot v1, https://goo.gl/fbAQLP

exports[`<Contact /> should render the heading 1`] = `
<main
  class=""
>
  <h1>
    Contact
  </h1>
</main>
`;
