// Jest Snapshot v1, https://goo.gl/fbAQLP

exports[`<Portfolio /> should render the heading 1`] = `
<main
  class=""
>
  <h1>
    Portfolio
  </h1>
</main>
`;
